// Jest Snapshot v1, https://goo.gl/fbAQLP

exports[`testes modal delete snapshot do bot√£o 1`] = `
<div>
  <button
    class="me-1 mb-1 btn btn-danger btn-sm"
    type="button"
  >
    Excluir
  </button>
</div>
`;
